2026-07-26 21:28:38 [INFO] logger.info:44 - ==================================================
2026-07-26 21:28:38 [INFO] logger.info:44 - SpriteMaker 启动
2026-07-26 21:28:38 [INFO] logger.info:44 - AuthManager 初始化
2026-07-26 21:28:40 [INFO] logger.info:44 - 开始登录流程
2026-07-26 21:28:48 [INFO] logger.info:44 - 用户 admin 登录成功
2026-07-26 21:28:48 [ERROR] logger.exception:58 - 未捕获的异常: PySide6.QtCore.QTimer.singleShot((<PySide6.QtCore.QTimer(0x29377d5c910) at 0x0000029378B8D100>, 5000, <compiled_function AuthManager._start_version_retry_timer.<locals>.schedule_next_retry at 0x0000029378B17010>)) is wrong (missing signature)
NoneType: None
2026-07-26 21:28:51 [ERROR] logger.exception:58 - 未捕获的异常: PySide6.QtCore.QTimer.singleShot((<PySide6.QtCore.QTimer(0x29377d057f0) at 0x0000029376F09FC0>, 5000, <compiled_function AuthManager._start_permission_retry_timer.<locals>.schedule_next_retry at 0x0000029378B9D9C0>)) is wrong (missing signature)
NoneType: None
2026-07-26 21:29:00 [INFO] logger.info:44 - SpriteMaker 正常退出，退出码: 0
2026-07-26 21:37:35 [INFO] logger.info:44 - ==================================================
2026-07-26 21:37:35 [INFO] logger.info:44 - SpriteMaker 启动
2026-07-26 21:37:35 [INFO] logger.info:44 - AuthManager 初始化
2026-07-26 21:37:37 [INFO] logger.info:44 - 开始登录流程
2026-07-26 21:37:47 [INFO] logger.info:44 - 用户 admin 登录成功
2026-07-26 21:37:47 [ERROR] logger.exception:58 - 未捕获的异常: PySide6.QtCore.QTimer.singleShot((<PySide6.QtCore.QTimer(0x21a0e80a690) at 0x0000021A7EB2D400>, 5000, <compiled_function AuthManager._start_version_retry_timer.<locals>.schedule_next_retry at 0x0000021A7F6F7010>)) is wrong (missing signature)
NoneType: None
2026-07-26 21:37:53 [ERROR] logger.exception:58 - 未捕获的异常: PySide6.QtCore.QTimer.singleShot((<PySide6.QtCore.QTimer(0x21a0e8096f0) at 0x0000021A7F73E280>, 5000, <compiled_function AuthManager._start_permission_retry_timer.<locals>.schedule_next_retry at 0x0000021A7F77D9C0>)) is wrong (missing signature)
NoneType: None
2026-07-26 21:38:08 [INFO] logger.info:44 - SpriteMaker 正常退出，退出码: 0
